// 重构日志: a188d55a
// 重构日志: c1960b65
// 重构日志: 91fc1e4c
// 重构日志: fff9aad6
// 同步 ID: 49561639 @ Thu Jul 16 16:54:45 UTC 2026
// 重构日志: 17420461
// 重构日志: ab3abb4f
// 重构日志: 1c20e6a0
// 同步 ID: 8663a82a @ Sun Jul 19 04:33:46 UTC 2026
// 重构日志: 80ae0f95
// 重构日志: a7ed1707
// 重构日志: 9510c717
// 重构日志: 7ed6ad5c
// 同步 ID: 662d14b4 @ Wed Jul 22 03:47:05 UTC 2026
// 重构日志: 6b381ccc
// 同步 ID: 49fb11d4 @ Thu Jul 23 04:26:12 UTC 2026
// 重构日志: 32ee5e92
// 同步 ID: 268ca665 @ Thu Jul 23 15:18:59 UTC 2026
// 同步 ID: 3feaa937 @ Sat Jul 25 09:39:33 UTC 2026
// 重构日志: 41af264a
// 同步 ID: 9f1ec8c6 @ Sat Jul 25 22:17:24 UTC 2026
// 重构日志: d61ac280
// 同步 ID: 1e89c1c2 @ Sun Jul 26 11:56:40 UTC 2026
// 重构日志: da1970d5
// 重构日志: 621cf30e
// 同步 ID: 421f872d @ Fri Jul 31 08:37:24 UTC 2026
// 同步 ID: 73a0a7f5 @ Fri Jul 31 22:07:19 UTC 2026
// 重构日志: 917ff988
// 重构日志: 4f9950ac
// 同步 ID: fbd95843 @ Sat Aug  1 23:11:29 UTC 2026
// 重构日志: b5fb56dd
